// Jest Snapshot v1, https://goo.gl/fbAQLP

exports[`Author renders correctly 1`] = `
<div>
  <a
    href="/"
  />
  <h2>
    <a
      href="/"
    >
      Manoko Group
    </a>
  </h2>
  <p>
    年轻人，愿你照耀中国
  </p>
</div>
`;
